[backblue.gif]
[fade.gif]
[index.html]
[themelooks.net/demo/dadmin/html/favicon.png]
[themelooks.net/demo/dadmin/html/assets/img/logo.png]
[themelooks.net/demo/dadmin/html/assets/img/flags/us.png]
[themelooks.net/demo/dadmin/html/assets/img/flags/de.png]
[themelooks.net/demo/dadmin/html/assets/img/flags/fr.png]
[themelooks.net/demo/dadmin/html/assets/img/avatars/01_80x80.png]
[themelooks.net/demo/dadmin/html/assets/js/jquery.min.js]
[themelooks.net/demo/dadmin/html/assets/js/jquery-ui.min.js]
[themelooks.net/demo/dadmin/html/assets/js/bootstrap.bundle.min.js]
[themelooks.net/demo/dadmin/html/assets/js/perfect-scrollbar.min.js]
[themelooks.net/demo/dadmin/html/assets/js/jquery.sparkline.min.js]
[themelooks.net/demo/dadmin/html/assets/js/raphael.min.js]
[themelooks.net/demo/dadmin/html/assets/js/morris.min.js]
[themelooks.net/demo/dadmin/html/assets/js/select2.min.js]
[themelooks.net/demo/dadmin/html/assets/js/jquery-jvectormap.min.js]
[themelooks.net/demo/dadmin/html/assets/js/jquery-jvectormap-world-mill.min.js]
[themelooks.net/demo/dadmin/html/assets/js/horizontal-timeline.min.js]
[themelooks.net/demo/dadmin/html/assets/js/jquery.validate.min.js]
[themelooks.net/demo/dadmin/html/assets/js/jquery.steps.min.js]
[themelooks.net/demo/dadmin/html/assets/js/dropzone.min.js]
[themelooks.net/demo/dadmin/html/assets/js/ion.rangeSlider.min.js]
[themelooks.net/demo/dadmin/html/assets/js/datatables.min.js]
[themelooks.net/demo/dadmin/html/assets/js/main.js]
[themelooks.net/demo/dadmin/html/orders.html]
[themelooks.net/demo/dadmin/html/assets/css/bootstrap.min.css]
[themelooks.net/demo/dadmin/html/assets/webfonts/fa-brands-400.eot]
[themelooks.net/demo/dadmin/html/assets/webfonts/fa-brands-400d41d.eot]
[themelooks.net/demo/dadmin/html/assets/webfonts/fa-brands-400.woff2]
[themelooks.net/demo/dadmin/html/assets/webfonts/fa-brands-400.woff]
[themelooks.net/demo/dadmin/html/assets/webfonts/fa-brands-400.ttf]
[themelooks.net/demo/dadmin/html/assets/webfonts/fa-regular-400.eot]
[themelooks.net/demo/dadmin/html/assets/webfonts/fa-regular-400d41d.eot]
[themelooks.net/demo/dadmin/html/assets/webfonts/fa-regular-400.woff2]
[themelooks.net/demo/dadmin/html/assets/webfonts/fa-regular-400.ttf]
[themelooks.net/demo/dadmin/html/assets/webfonts/fa-solid-900.eot]
[themelooks.net/demo/dadmin/html/assets/webfonts/fa-solid-900d41d.eot]
[themelooks.net/demo/dadmin/html/assets/webfonts/fa-solid-900.woff2]
[themelooks.net/demo/dadmin/html/assets/webfonts/fa-solid-900.ttf]
[themelooks.net/demo/dadmin/html/assets/css/fontawesome-all.min.css]
[themelooks.net/demo/dadmin/html/assets/css/images/ui-icons_444444_256x240.png]
[themelooks.net/demo/dadmin/html/assets/css/images/ui-icons_555555_256x240.png]
[themelooks.net/demo/dadmin/html/assets/css/images/ui-icons_777620_256x240.png]
[themelooks.net/demo/dadmin/html/assets/css/images/ui-icons_cc0000_256x240.png]
[themelooks.net/demo/dadmin/html/assets/css/images/ui-icons_777777_256x240.png]
[themelooks.net/demo/dadmin/html/assets/css/jquery-ui.min.css]
[themelooks.net/demo/dadmin/html/assets/css/perfect-scrollbar.min.css]
[themelooks.net/demo/dadmin/html/assets/css/morris.min.css]
[themelooks.net/demo/dadmin/html/assets/css/select2.min.css]
[themelooks.net/demo/dadmin/html/assets/css/jquery-jvectormap.min.css]
[themelooks.net/demo/dadmin/html/assets/css/horizontal-timeline.min.css]
[themelooks.net/demo/dadmin/html/assets/fonts/weathericons-regular-webfont.eot]
[themelooks.net/demo/dadmin/html/assets/fonts/weathericons-regular-webfont.woff2]
[themelooks.net/demo/dadmin/html/assets/fonts/weathericons-regular-webfontd41d.eot]
[themelooks.net/demo/dadmin/html/assets/fonts/weathericons-regular-webfont.woff]
[themelooks.net/demo/dadmin/html/assets/fonts/weathericons-regular-webfont.ttf]
[themelooks.net/demo/dadmin/html/assets/css/weather-icons.min.css]
[themelooks.net/demo/dadmin/html/assets/css/dropzone.min.css]
[themelooks.net/demo/dadmin/html/assets/css/ion.rangeSlider.min.css]
[themelooks.net/demo/dadmin/html/assets/css/ion.rangeSlider.skinFlat.min.css]
[themelooks.net/demo/dadmin/html/assets/img/sprite-skin-flat.png]
[themelooks.net/demo/dadmin/html/assets/css/images/sort_both.png]
[themelooks.net/demo/dadmin/html/assets/css/images/sort_asc.png]
[themelooks.net/demo/dadmin/html/assets/css/images/sort_desc.png]
[themelooks.net/demo/dadmin/html/assets/css/images/sort_asc_disabled.png]
[themelooks.net/demo/dadmin/html/assets/css/images/sort_desc_disabled.png]
[themelooks.net/demo/dadmin/html/assets/css/datatables.min.css]
[themelooks.net/demo/dadmin/html/assets/css/fullcalendar.min.css]
[themelooks.net/demo/dadmin/html/assets/css/style.css]
[themelooks.net/demo/dadmin/html/assets/img/projects/thumb-01.jpg]
[themelooks.net/demo/dadmin/html/assets/img/projects/thumb-02.jpg]
[themelooks.net/demo/dadmin/html/assets/img/projects/thumb-03.jpg]
[themelooks.net/demo/dadmin/html/assets/img/products/thumb-01.jpg]
[themelooks.net/demo/dadmin/html/assets/img/products/thumb-02.jpg]
[themelooks.net/demo/dadmin/html/assets/img/products/thumb-03.jpg]
[themelooks.net/demo/dadmin/html/assets/img/covers/01_800x150.jpg]
[themelooks.net/demo/dadmin/html/assets/img/avatars/01_150x150.png]
[themelooks.net/demo/dadmin/html/assets/img/avatars/02_40x40.png]
[themelooks.net/demo/dadmin/html/assets/img/avatars/03_40x40.png]
[themelooks.net/demo/dadmin/html/assets/img/avatars/04_40x40.png]
[themelooks.net/demo/dadmin/html/index.html]
[themelooks.net/demo/dadmin/html/assets/img/avatars/02_80x80.png]
[themelooks.net/demo/dadmin/html/assets/img/avatars/03_80x80.png]
[themelooks.net/demo/dadmin/html/assets/img/avatars/04_80x80.png]
[themelooks.net/demo/dadmin/html/mailbox_inbox.html]
[themelooks.net/demo/dadmin/html/assets/img/avatars/01_40x40.png]
[themelooks.net/demo/dadmin/html/assets/img/gallery/01.jpg]
[themelooks.net/demo/dadmin/html/assets/img/gallery/02.jpg]
[themelooks.net/demo/dadmin/html/assets/img/gallery/03.jpg]
[themelooks.net/demo/dadmin/html/assets/img/gallery/04.jpg]
[themelooks.net/demo/dadmin/html/profile.html]
[themelooks.net/demo/dadmin/html/assets/img/account/wrapper-bg.jpg]
[themelooks.net/demo/dadmin/html/lock-screen.html]
[themelooks.net/demo/dadmin/html/ecommerce.html]
[themelooks.net/demo/dadmin/html/assets/img/products/thumb-80x60.jpg]
[themelooks.net/demo/dadmin/html/products.html]
[themelooks.net/demo/dadmin/html/products-edit.html]
[themelooks.net/demo/dadmin/html/order-view.html]
[themelooks.net/demo/dadmin/html/blank.html]
[themelooks.net/demo/dadmin/html/page-light.html]
[themelooks.net/demo/dadmin/html/sidebar-light.html]
[themelooks.net/demo/dadmin/html/footer-light.html]
[themelooks.net/demo/dadmin/html/footer-dark.html]
[themelooks.net/demo/dadmin/html/footer-transparent.html]
[themelooks.net/demo/dadmin/html/buttons.html]
[themelooks.net/demo/dadmin/html/pagination.html]
[themelooks.net/demo/dadmin/html/progress-bars.html]
[themelooks.net/demo/dadmin/html/tabs-accordions.html]
[themelooks.net/demo/dadmin/html/modals.html]
[themelooks.net/demo/dadmin/html/ui-slider.html]
[themelooks.net/demo/dadmin/html/assets/img/sweet-alert/example-01.jpg]
[themelooks.net/demo/dadmin/html/assets/img/sweet-alert/example-02.jpg]
[themelooks.net/demo/dadmin/html/assets/img/sweet-alert/example-03.jpg]
[themelooks.net/demo/dadmin/html/assets/img/sweet-alert/example-04.jpg]
[themelooks.net/demo/dadmin/html/assets/img/sweet-alert/example-05.jpg]
[themelooks.net/demo/dadmin/html/assets/img/sweet-alert/example-06.jpg]
[themelooks.net/demo/dadmin/html/assets/img/sweet-alert/example-07.jpg]
[themelooks.net/demo/dadmin/html/assets/img/sweet-alert/example-08.jpg]
[themelooks.net/demo/dadmin/html/assets/img/sweet-alert/example-09.jpg]
[themelooks.net/demo/dadmin/html/assets/img/sweet-alert/example-10.jpg]
[themelooks.net/demo/dadmin/html/assets/img/sweet-alert/example-11.jpg]
[themelooks.net/demo/dadmin/html/assets/js/sweetalert.min.js]
[themelooks.net/demo/dadmin/html/assets/js/sweetalert-init.js]
[themelooks.net/demo/dadmin/html/sweet-alerts.html]
[themelooks.net/demo/dadmin/html/timeline.html]
[themelooks.net/demo/dadmin/html/form-elements.html]
[themelooks.net/demo/dadmin/html/form-wizard.html]
[themelooks.net/demo/dadmin/html/assets/js/page/dropzone.js]
[themelooks.net/demo/dadmin/html/dropzone.html]
[themelooks.net/demo/dadmin/html/assets/js/summernote-bs4.min.js]
[themelooks.net/demo/dadmin/html/assets/js/summernote-bs4-init.js]
[themelooks.net/demo/dadmin/html/mailbox_compose.html]
[themelooks.net/demo/dadmin/html/assets/js/moment.min.js]
[themelooks.net/demo/dadmin/html/assets/js/fullcalendar.min.js]
[themelooks.net/demo/dadmin/html/assets/js/page/calendar.js]
[themelooks.net/demo/dadmin/html/calendar.html]
[themelooks.net/demo/dadmin/html/assets/js/page/chat.js]
[themelooks.net/demo/dadmin/html/chat.html]
[themelooks.net/demo/dadmin/html/assets/img/avatars/03_150x150.png]
[themelooks.net/demo/dadmin/html/contacts.html]
[themelooks.net/demo/dadmin/html/assets/js/page/notes.js]
[themelooks.net/demo/dadmin/html/notes.html]
[themelooks.net/demo/dadmin/html/assets/js/page/todo.js]
[themelooks.net/demo/dadmin/html/todo-list.html]
[themelooks.net/demo/dadmin/html/search-results.html]
[themelooks.net/demo/dadmin/html/pricing-tables.html]
[themelooks.net/demo/dadmin/html/assets/img/invoice/logo.png]
[themelooks.net/demo/dadmin/html/invoice.html]
[themelooks.net/demo/dadmin/html/assets/img/account/content-bg.jpg]
[themelooks.net/demo/dadmin/html/login.html]
[themelooks.net/demo/dadmin/html/register.html]
[themelooks.net/demo/dadmin/html/forgot-password.html]
[themelooks.net/demo/dadmin/html/404.html]
[themelooks.net/demo/dadmin/html/500.html]
[themelooks.net/demo/dadmin/html/assets/img/maintenance-icon.gif]
[themelooks.net/demo/dadmin/html/maintenance.html]
[themelooks.net/demo/dadmin/html/assets/img/logo-white.png]
[themelooks.net/demo/dadmin/html/assets/js/jquery.countdown.min.js]
[themelooks.net/demo/dadmin/html/assets/js/jquery.countdown-init.js]
[themelooks.net/demo/dadmin/html/coming-soon.html]
[themelooks.net/demo/dadmin/html/assets/webfonts/fa-brands-400.svg]
[themelooks.net/demo/dadmin/html/assets/webfonts/fa-regular-400.woff]
[themelooks.net/demo/dadmin/html/assets/webfonts/fa-regular-400.svg]
[themelooks.net/demo/dadmin/html/assets/webfonts/fa-solid-900.woff]
[themelooks.net/demo/dadmin/html/assets/webfonts/fa-solid-900.svg]
[themelooks.net/demo/dadmin/html/assets/css/images/ui-icons_ffffff_256x240.png]
[themelooks.net/demo/dadmin/html/assets/img/cd-arrow.svg]
[themelooks.net/demo/dadmin/html/assets/fonts/weathericons-regular-webfont.svg]
[themelooks.net/demo/dadmin/html/assets/css/sweetalert.min.css]
[themelooks.net/demo/dadmin/html/assets/css/sweetalert-overrides.css]
[themelooks.net/demo/dadmin/html/assets/css/font/summernoted41d.eot]
[themelooks.net/demo/dadmin/html/assets/css/font/summernote9d3d.woff]
[themelooks.net/demo/dadmin/html/assets/css/font/summernote9d3d.ttf]
[themelooks.net/demo/dadmin/html/assets/css/summernote-bs4.min.css]
[themelooks.net/demo/dadmin/html/assets/css/summernote-bs4-overrides.css]
[themelooks.net/demo/dadmin/html/assets/css/font/summernote9d3d.eot]
